- __.env
..env
.docker/.env
.docker/laravel/app/.env
.env
.env!
.env-example
.env.
.env.backup
.env.bak
.env.config
.env.dev
.env.dev.local
.env.development.local
.env.docker.dev
.env.env
.env.example
.env.live
.env.local
.env.old
.env.preprod
.env.preprodn
.env.preproduction
.env.prod
.env.prod.local
.env.prodn
.env.production
.env.production.local
.env.sample
.env.save
.env.sh
.env.stage
.env.staging
.env.test
.env.test.local
.env.www
.env1
.env_1
.env_sample
.environment
.env~
.git
.git-credentials
.git-rewrite
.git-rewrite/
.git.json
.git/
.git/COMMIT_EDITMSG
.git/FETCH_HEAD
.git/HEAD
.git/branches
.git/branches/
.git/commit_editmsg
.git/config
.git/configf
.git/description
.git/fetch_head
.git/head
.git/hooks
.git/hooks/
.git/hooks/applypatch-msg
.git/hooks/commit-msg
.git/hooks/post-update
.git/hooks/pre-applypatch
.git/hooks/pre-commit
.git/hooks/pre-push
.git/hooks/pre-rebase
.git/hooks/pre-receive
.git/hooks/prepare-commit-msg
.git/hooks/update
.git/index
.git/info
.git/info/
.git/info/attributes
.git/info/exclude
.git/info/refs
.git/logs
.git/logs/
.git/logs/HEAD
.git/logs/head
.git/logs/refs
.git/logs/refs/
.git/logs/refs/heads
.git/logs/refs/heads/
.git/logs/refs/heads/master
.git/logs/refs/remotes
.git/logs/refs/remotes/
.git/logs/refs/remotes/origin
.git/logs/refs/remotes/origin/
.git/logs/refs/remotes/origin/HEAD
.git/logs/refs/remotes/origin/head
.git/logs/refs/remotes/origin/master
.git/objects
.git/objects/
.git/objects/info/packs
.git/packed-refs
.git/refs
.git/refs/
.git/refs/heads
.git/refs/heads/
.git/refs/heads/master
.git/refs/remotes
.git/refs/remotes/
.git/refs/remotes/origin
.git/refs/remotes/origin/
.git/refs/remotes/origin/HEAD
.git/refs/remotes/origin/head
.git/refs/remotes/origin/master
.git/refs/tags
.git/refs/tags/
.git2
.git2/
.git2/config
.git_release
.gitattributes
.gitchangelog.rc
.gitconfig
.github
.github/
.github/ISSUE_TEMPLATE.md
.github/PULL_REQUEST_TEMPLATE.md
.github/dependabot.yml
.github/issue_template.md
.github/pull_request_template.md
.github/workflows
.github/workflows/
.github/workflows/blank.yml
.github/workflows/ci.yml
.github/workflows/dependabot.yml
.github/workflows/docker.yml
.github/workflows/master.yml
.github/workflows/maven.yml
.github/workflows/nodejs.yml
.github/workflows/publish.yml
.github/workflows/pull-request-opened.yml
.gitignore
.gitignore.orig
.gitignore.swp
.gitignore/
.gitignore_global
.gitignore~
.gitk
.gitkeep
.gitlab
.gitlab-ci.off.yml
.gitlab-ci.yml
.gitlab-ci/.env
.gitlab/issue_templates
.gitlab/merge_request_templates
.gitlab/route-map.yml
.gitmodules
.gitreview
.grafana/.env
.htaccess
.htpasswd
.kibana/.env
.local/.env
.log
.mysql/.env
.net/.env
.nginx/.env
.old/.env
.os/.env
.portal/.env
.postgres/.env
.prod/.env
.production/.env
.production_testing/.env
.travis/.env
.vscode/.env
_envcommon/.env
acme/.env
activate.txt
admin.txt
admin/.env
api/.env
app/.env
apps/.env
appspec.yml
at/.env
back/.env
blob/.env
blog/.env
blue/.env
build.properties
buildspec.yml
chai/.env
change-log.txt
change_log.txt
changelog.txt
conf/.env
config.xml
config/.env
config/.env*
core/.env
crm/.env
cron/.env
css/.env
data/.env
database.env
database/.env
debug.txt
demo/.env
dev/.env
directories/.env
dist/.env
docker-compose.yml
docs/.env
dws/.env
e2e/.env
ecms.env
ecs/.env
ees/.env
env.sh
env/.env
error.log
error.txt
errorlog.log
errorlog.txt
errors.txt
esd/.env
etc/nginx/nginx.conf
ext/.env
favs/.env
files/.env
fileserver/.env
foo/.env
ftp/.env
has/.env
hash/.env
help.txt
help_en.txt
home/.env
html/.env
http/.env
icon/.env
img/.env
index.txt
init.env
install.txt
install_en.txt
installed.txt
int/.env
iq3/.env
lab/.env
lib/.env
libs/.env
license.txt
log.txt
log/.env
login.txt
logs.txt
mail/.env
main/.env
mapp.env
media/.env
misc/.env
msks/.env
name/.env
net/.env
new/.env
newrelic-infra.yml
nginx-logo.png
node.env
oc/.env
old/.env
package.json
path/.env
pfbe/.env
phpids_log.txt
poweredby.png
prod.env
prod/.env
pub/.env
readme.txt
readme.txt~
readme2.txt
readme_first.txt
rec/.env
repo/.env
rest/.env
robots.txt
root/.env
run/.env
saas/.env
san/.env
sec/.env
security.txt
security_pgp.txt
sendgrid.env
setup.txt
shop/.env
site/.env
sitemap.xml
src/.env
stag/.env
svn/.env
svt/.env
system.env
tags.env
tasklogs.en.txt
temp/.env
terraform.tfstate
test.env
test.txt
test/.env
test1-discover.txt
test1-parsehtml.txt
test_request.txt
testdata.txt
tmp/.env
trustroot.txt
tst/.env
user.env
usr/share/nginx/html/404.html
utf8test.txt
vpn/.env
web/.env
webloggia.log
wknotest.txt
www/.env
